Oct 4 05:00:11 web01 sshd[5485]: Failed password for invalid user admin from 2a01:4f8:c17:b8f::2 port 55468 ssh2
Oct 4 05:00:17 web01 sshd[5037]: Failed password for invalid user root from 2a01:4f8:c17:b8f::2 port 54991 ssh2
Oct 4 05:00:23 web01 sshd[5465]: Failed password for invalid user admin from 2a01:4f8:c17:b8f::2 port 49614 ssh2
Oct 4 05:00:30 web01 sshd[5222]: Failed password for invalid user deploy from 2a01:4f8:c17:b8f::2 port 50144 ssh2
Oct 4 05:00:39 web01 sshd[5046]: Failed password for invalid user deploy from 2a01:4f8:c17:b8f::2 port 49968 ssh2
Oct 4 05:00:46 web01 sshd[5485]: Failed password for invalid user admin from 2a01:4f8:c17:b8f::2 port 59332 ssh2
Oct 4 05:00:52 web01 sshd[5295]: Failed password for invalid user deploy from 2a01:4f8:c17:b8f::2 port 49812 ssh2
Oct 4 05:01:01 web01 sshd[5023]: Failed password for invalid user admin from 2a01:4f8:c17:b8f::2 port 53744 ssh2
Oct 4 05:01:13 web01 sshd[5073]: Failed password for invalid user root from 2a01:4f8:c17:b8f::2 port 58353 ssh2
Oct 4 05:01:23 web01 sshd[5286]: Failed password for invalid user admin from 2a01:4f8:c17:b8f::2 port 50688 ssh2
Oct 4 05:01:32 web01 sshd[5190]: Failed password for invalid user root from 2a01:4f8:c17:b8f::2 port 57974 ssh2
Oct 4 05:01:39 web01 sshd[5288]: Failed password for invalid user root from 2a01:4f8:c17:b8f::2 port 59141 ssh2
Oct 4 05:01:48 web01 sshd[5254]: Failed password for invalid user deploy from 2a01:4f8:c17:b8f::2 port 61734 ssh2
Oct 4 05:01:59 web01 sshd[5238]: Failed password for invalid user deploy from 2a01:4f8:c17:b8f::2 port 54924 ssh2
Oct 4 05:02:09 web01 sshd[5127]: Failed password for invalid user admin from 2a01:4f8:c17:b8f::2 port 60452 ssh2
Oct 4 05:02:18 web01 sshd[5041]: Failed password for invalid user ubuntu from 2a01:4f8:c17:b8f::2 port 57604 ssh2
Oct 4 05:02:31 web01 sshd[5448]: Failed password for invalid user ubuntu from 2a01:4f8:c17:b8f::2 port 60951 ssh2
Oct 4 05:02:44 web01 sshd[5147]: Failed password for invalid user root from 2a01:4f8:c17:b8f::2 port 50934 ssh2
Oct 4 05:02:58 web01 sshd[5214]: Failed password for invalid user admin from 2a01:4f8:c17:b8f::2 port 61404 ssh2
Oct 4 05:03:09 web01 sshd[5077]: Failed password for invalid user deploy from 2a01:4f8:c17:b8f::2 port 55909 ssh2
Oct 4 05:03:15 web01 sshd[5492]: Failed password for invalid user root from 2a01:4f8:c17:b8f::2 port 61526 ssh2
Oct 4 05:03:29 web01 sshd[5293]: Failed password for invalid user ubuntu from 2a01:4f8:c17:b8f::2 port 54572 ssh2
Oct 4 05:03:40 web01 sshd[5304]: Failed password for invalid user deploy from 2a01:4f8:c17:b8f::2 port 58501 ssh2
Oct 4 05:03:53 web01 sshd[5035]: Failed password for invalid user root from 2a01:4f8:c17:b8f::2 port 64477 ssh2
Oct 4 05:04:03 web01 sshd[5242]: Failed password for invalid user root from 2a01:4f8:c17:b8f::2 port 49994 ssh2
Oct 4 05:04:13 web01 sshd[5331]: Failed password for invalid user deploy from 2a01:4f8:c17:b8f::2 port 53662 ssh2
Oct 4 05:04:25 web01 sshd[5454]: Failed password for invalid user ubuntu from 2a01:4f8:c17:b8f::2 port 49369 ssh2
Oct 4 05:04:38 web01 sshd[5181]: Failed password for invalid user admin from 2a01:4f8:c17:b8f::2 port 59009 ssh2
Oct 4 05:04:45 web01 sshd[5252]: Failed password for invalid user root from 2a01:4f8:c17:b8f::2 port 52575 ssh2
Oct 4 05:04:55 web01 sshd[5066]: Failed password for invalid user admin from 2a01:4f8:c17:b8f::2 port 55519 ssh2
Oct 4 05:05:07 web01 sshd[5469]: Failed password for invalid user deploy from 2a01:4f8:c17:b8f::2 port 50320 ssh2
Oct 4 05:05:15 web01 sshd[5229]: Failed password for invalid user deploy from 2a01:4f8:c17:b8f::2 port 58002 ssh2
Oct 4 05:05:25 web01 sshd[5452]: Failed password for invalid user admin from 2a01:4f8:c17:b8f::2 port 62423 ssh2
Oct 4 05:05:37 web01 sshd[5442]: Failed password for invalid user ubuntu from 2a01:4f8:c17:b8f::2 port 60573 ssh2
Oct 4 05:05:49 web01 sshd[5183]: Failed password for invalid user deploy from 2a01:4f8:c17:b8f::2 port 64691 ssh2
Oct 4 05:06:09 web01 sshd[5600]: Accepted password for admin from 2a01:4f8:c17:b8f::2 port 52780 ssh2
Oct 4 05:08:09 web01 sudo: admin : TTY=pts/0 ; USER=root ; COMMAND=/bin/bash
